  Determining projects to restore...
  All projects are up-to-date for restore.
  EduCycle.Api -> D:\educycle-backend\EduCycle.Api\bin\Debug\net10.0\EduCycle.Api.dll

Build succeeded.
    0 Warning(s)
    0 Error(s)

Time Elapsed 00:00:02.24
